------------------------------------------------------------
TimeQuest Timing Analyzer Summary
------------------------------------------------------------

Type  : Slow 1200mV 85C Model Setup 'clk'
Slack : -0.349
TNS   : -0.677

Type  : Slow 1200mV 85C Model Hold 'clk'
Slack : 0.356
TNS   : 0.000

Type  : Slow 1200mV 85C Model Recovery 'clk'
Slack : -0.863
TNS   : -5.178

Type  : Slow 1200mV 85C Model Removal 'clk'
Slack : 1.170
TNS   : 0.000

Type  : Slow 1200mV 85C Model Minimum Pulse Width 'clk'
Slack : -3.000
TNS   : -9.000

Type  : Slow 1200mV 0C Model Setup 'clk'
Slack : -0.195
TNS   : -0.278

Type  : Slow 1200mV 0C Model Hold 'clk'
Slack : 0.310
TNS   : 0.000

Type  : Slow 1200mV 0C Model Recovery 'clk'
Slack : -0.664
TNS   : -3.984

Type  : Slow 1200mV 0C Model Removal 'clk'
Slack : 1.052
TNS   : 0.000

Type  : Slow 1200mV 0C Model Minimum Pulse Width 'clk'
Slack : -3.000
TNS   : -9.000

Type  : Fast 1200mV 0C Model Setup 'clk'
Slack : 0.239
TNS   : 0.000

Type  : Fast 1200mV 0C Model Hold 'clk'
Slack : 0.186
TNS   : 0.000

Type  : Fast 1200mV 0C Model Recovery 'clk'
Slack : -0.057
TNS   : -0.342

Type  : Fast 1200mV 0C Model Removal 'clk'
Slack : 0.646
TNS   : 0.000

Type  : Fast 1200mV 0C Model Minimum Pulse Width 'clk'
Slack : -3.000
TNS   : -9.156

------------------------------------------------------------
